TRACE:ck_heap_errors:going to check heap
TRACE:ck_heap_errors:SUCCESS: checked 2 blocks, detected no errors
TRACE:notmain:SUCCESS heap checked out
