TRACE:ck_heap_errors:going to check heap
TRACE:ck_heap_errors:SUCCESS: checked 65 blocks, detected no errors
TRACE:notmain:SUCCESS heap checked out
TRACE:ck_heap_errors:going to check heap
TRACE:ck_heap_errors:SUCCESS: checked 65 blocks, detected no errors
TRACE:ck_heap_errors:going to check heap
TRACE:ck_heap_errors:SUCCESS: checked 65 blocks, detected no errors
TRACE:ck_heap_errors:going to check heap
TRACE:ck_heap_errors:SUCCESS: checked 65 blocks, detected no errors
TRACE:ck_heap_errors:going to check heap
TRACE:ck_heap_errors:SUCCESS: checked 65 blocks, detected no errors
TRACE:ck_heap_errors:going to check heap
TRACE:ck_heap_errors:SUCCESS: checked 65 blocks, detected no errors
TRACE:ck_heap_errors:going to check heap
TRACE:ck_heap_errors:SUCCESS: checked 65 blocks, detected no errors
TRACE:ck_heap_errors:going to check heap
TRACE:ck_heap_errors:SUCCESS: checked 65 blocks, detected no errors
TRACE:ck_heap_errors:going to check heap
TRACE:ck_heap_errors:SUCCESS: checked 65 blocks, detected no errors
TRACE:ck_heap_errors:going to check heap
TRACE:ck_heap_errors:SUCCESS: checked 65 blocks, detected no errors
TRACE:ck_heap_errors:going to check heap
TRACE:ck_heap_errors:SUCCESS: checked 65 blocks, detected no errors
TRACE:ck_heap_errors:going to check heap
TRACE:ck_heap_errors:SUCCESS: checked 65 blocks, detected no errors
TRACE:ck_heap_errors:going to check heap
TRACE:ck_heap_errors:SUCCESS: checked 65 blocks, detected no errors
TRACE:ck_heap_errors:going to check heap
TRACE:ck_heap_errors:SUCCESS: checked 65 blocks, detected no errors
TRACE:ck_heap_errors:going to check heap
TRACE:ck_heap_errors:SUCCESS: checked 65 blocks, detected no errors
TRACE:ck_heap_errors:going to check heap
TRACE:ck_heap_errors:SUCCESS: checked 65 blocks, detected no errors
TRACE:ck_heap_errors:going to check heap
TRACE:ck_heap_errors:SUCCESS: checked 65 blocks, detected no errors
TRACE:ck_heap_errors:going to check heap
TRACE:ck_heap_errors:SUCCESS: checked 65 blocks, detected no errors
TRACE:ck_heap_errors:going to check heap
TRACE:ck_heap_errors:SUCCESS: checked 65 blocks, detected no errors
TRACE:ck_heap_errors:going to check heap
TRACE:ck_heap_errors:SUCCESS: checked 65 blocks, detected no errors
TRACE:ck_heap_errors:going to check heap
TRACE:ck_heap_errors:SUCCESS: checked 65 blocks, detected no errors
TRACE:ck_heap_errors:going to check heap
TRACE:ck_heap_errors:SUCCESS: checked 65 blocks, detected no errors
TRACE:ck_heap_errors:going to check heap
TRACE:ck_heap_errors:SUCCESS: checked 65 blocks, detected no errors
TRACE:ck_heap_errors:going to check heap
TRACE:ck_heap_errors:SUCCESS: checked 65 blocks, detected no errors
TRACE:ck_heap_errors:going to check heap
TRACE:ck_heap_errors:SUCCESS: checked 65 blocks, detected no errors
TRACE:ck_heap_errors:going to check heap
TRACE:ck_heap_errors:SUCCESS: checked 65 blocks, detected no errors
TRACE:ck_heap_errors:going to check heap
TRACE:ck_heap_errors:SUCCESS: checked 65 blocks, detected no errors
TRACE:ck_heap_errors:going to check heap
TRACE:ck_heap_errors:SUCCESS: checked 65 blocks, detected no errors
TRACE:ck_heap_errors:going to check heap
TRACE:ck_heap_errors:SUCCESS: checked 65 blocks, detected no errors
TRACE:ck_heap_errors:going to check heap
TRACE:ck_heap_errors:SUCCESS: checked 65 blocks, detected no errors
TRACE:ck_heap_errors:going to check heap
TRACE:ck_heap_errors:SUCCESS: checked 65 blocks, detected no errors
TRACE:ck_heap_errors:going to check heap
TRACE:ck_heap_errors:SUCCESS: checked 65 blocks, detected no errors
TRACE:ck_heap_errors:going to check heap
TRACE:ck_heap_errors:SUCCESS: checked 65 blocks, detected no errors
TRACE:ck_heap_errors:going to check heap
TRACE:ck_heap_errors:SUCCESS: checked 65 blocks, detected no errors
TRACE:ck_heap_errors:going to check heap
TRACE:ck_heap_errors:SUCCESS: checked 65 blocks, detected no errors
TRACE:ck_heap_errors:going to check heap
TRACE:ck_heap_errors:SUCCESS: checked 65 blocks, detected no errors
TRACE:ck_heap_errors:going to check heap
TRACE:ck_heap_errors:SUCCESS: checked 65 blocks, detected no errors
TRACE:ck_heap_errors:going to check heap
TRACE:ck_heap_errors:SUCCESS: checked 65 blocks, detected no errors
TRACE:ck_heap_errors:going to check heap
TRACE:ck_heap_errors:SUCCESS: checked 65 blocks, detected no errors
TRACE:ck_heap_errors:going to check heap
TRACE:ck_heap_errors:SUCCESS: checked 65 blocks, detected no errors
TRACE:ck_heap_errors:going to check heap
TRACE:ck_heap_errors:SUCCESS: checked 65 blocks, detected no errors
TRACE:ck_heap_errors:going to check heap
TRACE:ck_heap_errors:SUCCESS: checked 65 blocks, detected no errors
TRACE:ck_heap_errors:going to check heap
TRACE:ck_heap_errors:SUCCESS: checked 65 blocks, detected no errors
TRACE:ck_heap_errors:going to check heap
TRACE:ck_heap_errors:SUCCESS: checked 65 blocks, detected no errors
TRACE:ck_heap_errors:going to check heap
TRACE:ck_heap_errors:SUCCESS: checked 65 blocks, detected no errors
TRACE:ck_heap_errors:going to check heap
TRACE:ck_heap_errors:SUCCESS: checked 65 blocks, detected no errors
TRACE:ck_heap_errors:going to check heap
TRACE:ck_heap_errors:SUCCESS: checked 65 blocks, detected no errors
TRACE:ck_heap_errors:going to check heap
TRACE:ck_heap_errors:SUCCESS: checked 65 blocks, detected no errors
TRACE:ck_heap_errors:going to check heap
TRACE:ck_heap_errors:SUCCESS: checked 65 blocks, detected no errors
TRACE:ck_heap_errors:going to check heap
TRACE:ck_heap_errors:SUCCESS: checked 65 blocks, detected no errors
TRACE:ck_heap_errors:going to check heap
TRACE:ck_heap_errors:SUCCESS: checked 65 blocks, detected no errors
TRACE:ck_heap_errors:going to check heap
TRACE:ck_heap_errors:SUCCESS: checked 65 blocks, detected no errors
TRACE:ck_heap_errors:going to check heap
TRACE:ck_heap_errors:SUCCESS: checked 65 blocks, detected no errors
TRACE:ck_heap_errors:going to check heap
TRACE:ck_heap_errors:SUCCESS: checked 65 blocks, detected no errors
TRACE:ck_heap_errors:going to check heap
TRACE:ck_heap_errors:SUCCESS: checked 65 blocks, detected no errors
TRACE:ck_heap_errors:going to check heap
TRACE:ck_heap_errors:SUCCESS: checked 65 blocks, detected no errors
TRACE:ck_heap_errors:going to check heap
TRACE:ck_heap_errors:SUCCESS: checked 65 blocks, detected no errors
TRACE:ck_heap_errors:going to check heap
TRACE:ck_heap_errors:SUCCESS: checked 65 blocks, detected no errors
TRACE:ck_heap_errors:going to check heap
TRACE:ck_heap_errors:SUCCESS: checked 65 blocks, detected no errors
TRACE:ck_heap_errors:going to check heap
TRACE:ck_heap_errors:SUCCESS: checked 65 blocks, detected no errors
TRACE:ck_heap_errors:going to check heap
TRACE:ck_heap_errors:SUCCESS: checked 65 blocks, detected no errors
TRACE:ck_heap_errors:going to check heap
TRACE:ck_heap_errors:SUCCESS: checked 65 blocks, detected no errors
TRACE:ck_heap_errors:going to check heap
TRACE:ck_heap_errors:SUCCESS: checked 65 blocks, detected no errors
TRACE:ck_heap_errors:going to check heap
TRACE:ck_heap_errors:SUCCESS: checked 65 blocks, detected no errors
TRACE:ck_heap_errors:going to check heap
TRACE:ck_heap_errors:SUCCESS: checked 65 blocks, detected no errors
TRACE:ck_heap_errors:going to check heap
TRACE:ck_heap_errors:SUCCESS: checked 65 blocks, detected no errors
TRACE:ck_heap_errors:going to check heap
TRACE:mem_check:ERROR:Freed block 65  corrupted at offset -62
TRACE:hdr_print:	logical block id=65,  nbytes=64
TRACE:hdr_print:	Block allocated at: tests/part1-test7-bug.c:notmain:24
TRACE:mem_check:ERROR:Freed block 64  corrupted at offset 159
TRACE:hdr_print:	logical block id=64,  nbytes=64
TRACE:hdr_print:	Block allocated at: tests/part1-test7-bug.c:notmain:24
TRACE:mem_check:ERROR:Freed block 63  corrupted at offset -86
TRACE:hdr_print:	logical block id=63,  nbytes=64
TRACE:hdr_print:	Block allocated at: tests/part1-test7-bug.c:notmain:24
TRACE:mem_check:ERROR:Freed block 62  corrupted at offset 157
TRACE:hdr_print:	logical block id=62,  nbytes=64
TRACE:hdr_print:	Block allocated at: tests/part1-test7-bug.c:notmain:24
TRACE:mem_check:ERROR:Freed block 61  corrupted at offset 149
TRACE:hdr_print:	logical block id=61,  nbytes=64
TRACE:hdr_print:	Block allocated at: tests/part1-test7-bug.c:notmain:24
TRACE:mem_check:ERROR:Freed block 60  corrupted at offset -85
TRACE:hdr_print:	logical block id=60,  nbytes=64
TRACE:hdr_print:	Block allocated at: tests/part1-test7-bug.c:notmain:24
TRACE:mem_check:ERROR:Freed block 59  corrupted at offset 138
TRACE:hdr_print:	logical block id=59,  nbytes=64
TRACE:hdr_print:	Block allocated at: tests/part1-test7-bug.c:notmain:24
TRACE:mem_check:ERROR:Freed block 58  corrupted at offset -81
TRACE:hdr_print:	logical block id=58,  nbytes=64
TRACE:hdr_print:	Block allocated at: tests/part1-test7-bug.c:notmain:24
TRACE:mem_check:ERROR:Freed block 57  corrupted at offset 79
TRACE:hdr_print:	logical block id=57,  nbytes=64
TRACE:hdr_print:	Block allocated at: tests/part1-test7-bug.c:notmain:24
TRACE:mem_check:ERROR:Freed block 56  corrupted at offset -112
TRACE:hdr_print:	logical block id=56,  nbytes=64
TRACE:hdr_print:	Block allocated at: tests/part1-test7-bug.c:notmain:24
TRACE:mem_check:ERROR:Freed block 55  corrupted at offset 63
TRACE:hdr_print:	logical block id=55,  nbytes=64
TRACE:hdr_print:	Block allocated at: tests/part1-test7-bug.c:notmain:24
TRACE:check_list:	Wrote block after free!
TRACE:mem_check:ERROR:Freed block 54  corrupted at offset -26
TRACE:hdr_print:	logical block id=54,  nbytes=64
TRACE:hdr_print:	Block allocated at: tests/part1-test7-bug.c:notmain:24
TRACE:mem_check:ERROR:Freed block 53  corrupted at offset 84
TRACE:hdr_print:	logical block id=53,  nbytes=64
TRACE:hdr_print:	Block allocated at: tests/part1-test7-bug.c:notmain:24
TRACE:mem_check:ERROR:Freed block 52  corrupted at offset 172
TRACE:hdr_print:	logical block id=52,  nbytes=64
TRACE:hdr_print:	Block allocated at: tests/part1-test7-bug.c:notmain:24
TRACE:mem_check:ERROR:Freed block 51  corrupted at offset 76
TRACE:hdr_print:	logical block id=51,  nbytes=64
TRACE:hdr_print:	Block allocated at: tests/part1-test7-bug.c:notmain:24
TRACE:mem_check:ERROR:Freed block 50  corrupted at offset -118
TRACE:hdr_print:	logical block id=50,  nbytes=64
TRACE:hdr_print:	Block allocated at: tests/part1-test7-bug.c:notmain:24
TRACE:mem_check:ERROR:Freed block 49  corrupted at offset -30
TRACE:hdr_print:	logical block id=49,  nbytes=64
TRACE:hdr_print:	Block allocated at: tests/part1-test7-bug.c:notmain:24
TRACE:mem_check:ERROR:Freed block 48  corrupted at offset -31
TRACE:hdr_print:	logical block id=48,  nbytes=64
TRACE:hdr_print:	Block allocated at: tests/part1-test7-bug.c:notmain:24
TRACE:mem_check:ERROR:Freed block 47  corrupted at offset 165
TRACE:hdr_print:	logical block id=47,  nbytes=64
TRACE:hdr_print:	Block allocated at: tests/part1-test7-bug.c:notmain:24
TRACE:mem_check:ERROR:Freed block 46  corrupted at offset 79
TRACE:hdr_print:	logical block id=46,  nbytes=64
TRACE:hdr_print:	Block allocated at: tests/part1-test7-bug.c:notmain:24
TRACE:mem_check:ERROR:Freed block 45  corrupted at offset 164
TRACE:hdr_print:	logical block id=45,  nbytes=64
TRACE:hdr_print:	Block allocated at: tests/part1-test7-bug.c:notmain:24
TRACE:mem_check:ERROR:Freed block 44  corrupted at offset 117
TRACE:hdr_print:	logical block id=44,  nbytes=64
TRACE:hdr_print:	Block allocated at: tests/part1-test7-bug.c:notmain:24
TRACE:mem_check:ERROR:Freed block 43  corrupted at offset 162
TRACE:hdr_print:	logical block id=43,  nbytes=64
TRACE:hdr_print:	Block allocated at: tests/part1-test7-bug.c:notmain:24
TRACE:mem_check:ERROR:Freed block 42  corrupted at offset -49
TRACE:hdr_print:	logical block id=42,  nbytes=64
TRACE:hdr_print:	Block allocated at: tests/part1-test7-bug.c:notmain:24
TRACE:mem_check:ERROR:Freed block 41  corrupted at offset 56
TRACE:hdr_print:	logical block id=41,  nbytes=64
TRACE:hdr_print:	Block allocated at: tests/part1-test7-bug.c:notmain:24
TRACE:check_list:	Wrote block after free!
TRACE:mem_check:ERROR:Freed block 40  corrupted at offset 129
TRACE:hdr_print:	logical block id=40,  nbytes=64
TRACE:hdr_print:	Block allocated at: tests/part1-test7-bug.c:notmain:24
TRACE:mem_check:ERROR:Freed block 39  corrupted at offset 135
TRACE:hdr_print:	logical block id=39,  nbytes=64
TRACE:hdr_print:	Block allocated at: tests/part1-test7-bug.c:notmain:24
TRACE:mem_check:ERROR:Freed block 38  corrupted at offset 93
TRACE:hdr_print:	logical block id=38,  nbytes=64
TRACE:hdr_print:	Block allocated at: tests/part1-test7-bug.c:notmain:24
TRACE:mem_check:ERROR:Freed block 37  corrupted at offset -23
TRACE:hdr_print:	logical block id=37,  nbytes=64
TRACE:hdr_print:	Block allocated at: tests/part1-test7-bug.c:notmain:24
TRACE:mem_check:ERROR:Freed block 36  corrupted at offset 148
TRACE:hdr_print:	logical block id=36,  nbytes=64
TRACE:hdr_print:	Block allocated at: tests/part1-test7-bug.c:notmain:24
TRACE:mem_check:ERROR:Freed block 35  corrupted at offset 89
TRACE:hdr_print:	logical block id=35,  nbytes=64
TRACE:hdr_print:	Block allocated at: tests/part1-test7-bug.c:notmain:24
TRACE:mem_check:ERROR:Freed block 34  corrupted at offset 73
TRACE:hdr_print:	logical block id=34,  nbytes=64
TRACE:hdr_print:	Block allocated at: tests/part1-test7-bug.c:notmain:24
TRACE:mem_check:ERROR:Freed block 33  corrupted at offset 96
TRACE:hdr_print:	logical block id=33,  nbytes=64
TRACE:hdr_print:	Block allocated at: tests/part1-test7-bug.c:notmain:24
TRACE:mem_check:ERROR:Freed block 32  corrupted at offset 145
TRACE:hdr_print:	logical block id=32,  nbytes=64
TRACE:hdr_print:	Block allocated at: tests/part1-test7-bug.c:notmain:24
TRACE:mem_check:ERROR:Freed block 31  corrupted at offset -25
TRACE:hdr_print:	logical block id=31,  nbytes=64
TRACE:hdr_print:	Block allocated at: tests/part1-test7-bug.c:notmain:24
TRACE:mem_check:ERROR:Freed block 30  corrupted at offset -127
TRACE:hdr_print:	logical block id=30,  nbytes=64
TRACE:hdr_print:	Block allocated at: tests/part1-test7-bug.c:notmain:24
TRACE:mem_check:ERROR:Freed block 29  corrupted at offset 142
TRACE:hdr_print:	logical block id=29,  nbytes=64
TRACE:hdr_print:	Block allocated at: tests/part1-test7-bug.c:notmain:24
TRACE:mem_check:ERROR:Freed block 28  corrupted at offset 107
TRACE:hdr_print:	logical block id=28,  nbytes=64
TRACE:hdr_print:	Block allocated at: tests/part1-test7-bug.c:notmain:24
TRACE:mem_check:ERROR:Freed block 27  corrupted at offset -18
TRACE:hdr_print:	logical block id=27,  nbytes=64
TRACE:hdr_print:	Block allocated at: tests/part1-test7-bug.c:notmain:24
TRACE:mem_check:ERROR:Freed block 26  corrupted at offset 67
TRACE:hdr_print:	logical block id=26,  nbytes=64
TRACE:hdr_print:	Block allocated at: tests/part1-test7-bug.c:notmain:24
TRACE:mem_check:ERROR:Freed block 25  corrupted at offset 136
TRACE:hdr_print:	logical block id=25,  nbytes=64
TRACE:hdr_print:	Block allocated at: tests/part1-test7-bug.c:notmain:24
TRACE:mem_check:ERROR:Freed block 24  corrupted at offset -16
TRACE:hdr_print:	logical block id=24,  nbytes=64
TRACE:hdr_print:	Block allocated at: tests/part1-test7-bug.c:notmain:24
TRACE:mem_check:ERROR:Freed block 23  corrupted at offset -25
TRACE:hdr_print:	logical block id=23,  nbytes=64
TRACE:hdr_print:	Block allocated at: tests/part1-test7-bug.c:notmain:24
TRACE:mem_check:ERROR:Freed block 22  corrupted at offset -123
TRACE:hdr_print:	logical block id=22,  nbytes=64
TRACE:hdr_print:	Block allocated at: tests/part1-test7-bug.c:notmain:24
TRACE:mem_check:ERROR:Freed block 21  corrupted at offset -90
TRACE:hdr_print:	logical block id=21,  nbytes=64
TRACE:hdr_print:	Block allocated at: tests/part1-test7-bug.c:notmain:24
TRACE:mem_check:ERROR:Freed block 20  corrupted at offset 61
TRACE:hdr_print:	logical block id=20,  nbytes=64
TRACE:hdr_print:	Block allocated at: tests/part1-test7-bug.c:notmain:24
TRACE:check_list:	Wrote block after free!
TRACE:mem_check:ERROR:Freed block 19  corrupted at offset -19
TRACE:hdr_print:	logical block id=19,  nbytes=64
TRACE:hdr_print:	Block allocated at: tests/part1-test7-bug.c:notmain:24
TRACE:mem_check:ERROR:Freed block 18  corrupted at offset 74
TRACE:hdr_print:	logical block id=18,  nbytes=64
TRACE:hdr_print:	Block allocated at: tests/part1-test7-bug.c:notmain:24
TRACE:mem_check:ERROR:Freed block 17  corrupted at offset -19
TRACE:hdr_print:	logical block id=17,  nbytes=64
TRACE:hdr_print:	Block allocated at: tests/part1-test7-bug.c:notmain:24
TRACE:mem_check:ERROR:Freed block 16  corrupted at offset 62
TRACE:hdr_print:	logical block id=16,  nbytes=64
TRACE:hdr_print:	Block allocated at: tests/part1-test7-bug.c:notmain:24
TRACE:check_list:	Wrote block after free!
TRACE:mem_check:ERROR:Freed block 15  corrupted at offset 22
TRACE:hdr_print:	logical block id=15,  nbytes=64
TRACE:hdr_print:	Block allocated at: tests/part1-test7-bug.c:notmain:24
TRACE:check_list:	Wrote block after free!
TRACE:mem_check:ERROR:Freed block 14  corrupted at offset -116
TRACE:hdr_print:	logical block id=14,  nbytes=64
TRACE:hdr_print:	Block allocated at: tests/part1-test7-bug.c:notmain:24
TRACE:mem_check:ERROR:Freed block 13  corrupted at offset 77
TRACE:hdr_print:	logical block id=13,  nbytes=64
TRACE:hdr_print:	Block allocated at: tests/part1-test7-bug.c:notmain:24
TRACE:mem_check:ERROR:Freed block 12  corrupted at offset -88
TRACE:hdr_print:	logical block id=12,  nbytes=64
TRACE:hdr_print:	Block allocated at: tests/part1-test7-bug.c:notmain:24
TRACE:mem_check:ERROR:Freed block 11  corrupted at offset 20
TRACE:hdr_print:	logical block id=11,  nbytes=64
TRACE:hdr_print:	Block allocated at: tests/part1-test7-bug.c:notmain:24
TRACE:check_list:	Wrote block after free!
TRACE:mem_check:ERROR:Freed block 10  corrupted at offset -123
TRACE:hdr_print:	logical block id=10,  nbytes=64
TRACE:hdr_print:	Block allocated at: tests/part1-test7-bug.c:notmain:24
TRACE:mem_check:ERROR:Freed block 9  corrupted at offset -118
TRACE:hdr_print:	logical block id=9,  nbytes=64
TRACE:hdr_print:	Block allocated at: tests/part1-test7-bug.c:notmain:24
TRACE:mem_check:ERROR:Freed block 8  corrupted at offset 102
TRACE:hdr_print:	logical block id=8,  nbytes=64
TRACE:hdr_print:	Block allocated at: tests/part1-test7-bug.c:notmain:24
TRACE:mem_check:ERROR:Freed block 7  corrupted at offset 53
TRACE:hdr_print:	logical block id=7,  nbytes=64
TRACE:hdr_print:	Block allocated at: tests/part1-test7-bug.c:notmain:24
TRACE:check_list:	Wrote block after free!
TRACE:mem_check:ERROR:Freed block 6  corrupted at offset 20
TRACE:hdr_print:	logical block id=6,  nbytes=64
TRACE:hdr_print:	Block allocated at: tests/part1-test7-bug.c:notmain:24
TRACE:check_list:	Wrote block after free!
TRACE:mem_check:ERROR:Freed block 5  corrupted at offset -51
TRACE:hdr_print:	logical block id=5,  nbytes=64
TRACE:hdr_print:	Block allocated at: tests/part1-test7-bug.c:notmain:24
TRACE:mem_check:ERROR:Freed block 4  corrupted at offset 52
TRACE:hdr_print:	logical block id=4,  nbytes=64
TRACE:hdr_print:	Block allocated at: tests/part1-test7-bug.c:notmain:24
TRACE:check_list:	Wrote block after free!
TRACE:mem_check:ERROR:Freed block 3  corrupted at offset 17
TRACE:hdr_print:	logical block id=3,  nbytes=64
TRACE:hdr_print:	Block allocated at: tests/part1-test7-bug.c:notmain:24
TRACE:check_list:	Wrote block after free!
TRACE:mem_check:ERROR:Freed block 2  corrupted at offset -80
TRACE:hdr_print:	logical block id=2,  nbytes=64
TRACE:hdr_print:	Block allocated at: tests/part1-test7-bug.c:notmain:24
TRACE:ck_heap_errors:checked 65 blocks, detected 64 errors
TRACE:notmain:SUCCESS heap checked out
