TRACE:mem_check:ERROR:Allocated block 1  corrupted at offset 4
TRACE:hdr_print:	logical block id=1,  nbytes=4
TRACE:hdr_print:	Block allocated at: tests/part1-test2-bug.c:notmain:7
TRACE:ckfree:ERROR:corrupted block 1 
TRACE:hdr_print:	logical block id=1,  nbytes=4
TRACE:hdr_print:	Block allocated at: tests/part1-test2-bug.c:notmain:7
